// Jest Snapshot v1, https://goo.gl/fbAQLP

exports[`These are tests for the dashboard Navigation renders without crashing 1`] = `null`;
