// Jest Snapshot v1, https://goo.gl/fbAQLP

exports[`These are tests the login link renders without crashing 1`] = `
<li>
  <a
    href="/login"
    onClick={[Function]}
  >
    <b>
      <i
        className="glyphicon glyphicon-log-in"
      />
       Login
    </b>
  </a>
</li>
`;
