// Jest Snapshot v1, https://goo.gl/fbAQLP

exports[`These are tests the logout link renders without crashing 1`] = `
<li>
  <a
    href="/logout"
    onClick={[Function]}
  >
    <b>
      <i
        className="glyphicon glyphicon-log-out"
      />
       Logout
    </b>
  </a>
</li>
`;
